// Jest Snapshot v1, https://goo.gl/fbAQLP

exports[`App component 1`] = `
<div
  className="container"
>
  <div
    className="row"
  >
    <div
      className="col-sm-12 col-md-3 col-lg-3 col-xl-3"
    >
      <div
        className="side-menu-card-container"
      >
        <div
          className="side-menu-card"
        >
          <div
            className="side-menu-content"
          >
            <div
              className="side-menu-list"
            >
              <a
                className="side-menu-item-link"
                onClick={[Function]}
              >
                <div
                  className="side-menu-item-active"
                >
                  <div
                    className="text-space"
                  >
                    Give consent
                  </div>
                </div>
              </a>
              <a
                className="side-menu-item-link"
                onClick={[Function]}
              >
                <div
                  className="side-menu-item"
                >
                  <div
                    className="text-space"
                  >
                    Collected consents
                  </div>
                </div>
              </a>
            </div>
          </div>
        </div>
      </div>
    </div>
    <div
      className="col-sm-12 col-md-9 col-lg-9 col-xl-9"
    >
      <div
        className="side-menu-card"
      >
        <div
          className="form-container"
        >
          <form
            className="consent-form"
            id="consentForm"
            noValidate={true}
            onSubmit={[Function]}
          >
            <div
              className="input-container"
            >
              <input
                className="input-field"
                name="name"
                onChange={[Function]}
                placeholder="Name"
                value=""
              />
              <input
                className="input-field"
                name="email"
                onChange={[Function]}
                placeholder="Email address"
                value=""
              />
            </div>
            <div
              className="consent-title"
            >
              <span>
                I agree to : 
              </span>
            </div>
            <div
              className="consent-container"
            >
              <div
                className="consent-list"
              >
                <input
                  className="input-field"
                  name=""
                  onChange={[Function]}
                  type="checkbox"
                  value="Receive Newsletter"
                />
                 
                Receive Newsletter
                 
                <br />
                <input
                  className="input-field"
                  name=""
                  onChange={[Function]}
                  type="checkbox"
                  value="Be shown targeted ads"
                />
                 
                Be shown targeted ads
                 
                <br />
                <input
                  className="input-field"
                  name=""
                  onChange={[Function]}
                  type="checkbox"
                  value="Contribute to anonymous visit statistics"
                />
                 
                Contribute to anonymous visit statistics
                 
                <br />
              </div>
            </div>
            <div
              className="button-container"
            >
              <button
                className="give-consent-button"
                disabled={true}
                id="consentbutton"
                onClick=""
              >
                <div>
                  Give consent
                </div>
              </button>
            </div>
          </form>
        </div>
      </div>
    </div>
  </div>
</div>
`;
